// Vitest Snapshot v1, https://vitest.dev/guide/snapshot.html

exports[`RobotbasAccordion > match snapshot 1`] = `
"<div data-slot="root" class="accordion">
  <div data-state="closed" data-orientation="vertical" data-slot="item" class="accordion-item">
    <div data-orientation="vertical" data-state="closed" data-slot="header" class="accordion-header"><button type="button" aria-controls="" aria-expanded="false" data-state="closed" id="reka-accordion-trigger-v-0-0-0" data-reka-collection-item="" data-orientation="vertical" data-slot="trigger" class="accordion-button">
        <!--v-if-->
        <!--v-if--><span data-slot="label" class="">First</span><i class="lucide:chevron-down" data-slot="trailingIcon"></i>
      </button></div>
    <div role="region" aria-labelledby="reka-accordion-trigger-v-0-0-0" data-state="closed" data-orientation="vertical" style="--reka-accordion-content-width: var(--reka-collapsible-content-width); --reka-accordion-content-height: var(--reka-collapsible-content-height); --reka-collapsible-content-height: 0px; --reka-collapsible-content-width: 0px;" data-slot="content" class="accordion-collapse" id="reka-collapsible-content-v-0-0-1" hidden="">
      <!--v-if-->
    </div>
  </div>
  <div data-state="closed" data-orientation="vertical" data-slot="item" class="accordion-item">
    <div data-orientation="vertical" data-state="closed" data-slot="header" class="accordion-header"><button type="button" aria-controls="" aria-expanded="false" data-state="closed" id="reka-accordion-trigger-v-0-0-2" data-reka-collection-item="" data-orientation="vertical" data-slot="trigger" class="accordion-button">
        <!--v-if-->
        <!--v-if--><span data-slot="label" class="">Second</span><i class="lucide:chevron-down" data-slot="trailingIcon"></i>
      </button></div>
    <div role="region" aria-labelledby="reka-accordion-trigger-v-0-0-2" data-state="closed" data-orientation="vertical" style="--reka-accordion-content-width: var(--reka-collapsible-content-width); --reka-accordion-content-height: var(--reka-collapsible-content-height); --reka-collapsible-content-height: 0px; --reka-collapsible-content-width: 0px;" data-slot="content" class="accordion-collapse" id="reka-collapsible-content-v-0-0-3" hidden="">
      <!--v-if-->
    </div>
  </div>
</div>"
`;
